\BOOKMARK [1][-]{section.1}{\376\377\000I\000n\000t\000r\000o\000d\000u\000c\000t\000i\000o\000n\000\040\000a\000n\000d\000\040\000S\000y\000s\000t\000e\000m\000\040\000O\000v\000e\000r\000v\000i\000e\000w}{}% 1
\BOOKMARK [2][-]{subsection.1.1}{\376\377\0004\000-\000M\000a\000c\000h\000i\000n\000e\000\040\000D\000e\000p\000l\000o\000y\000m\000e\000n\000t\000\040\000A\000r\000c\000h\000i\000t\000e\000c\000t\000u\000r\000e}{section.1}% 2
\BOOKMARK [1][-]{section.2}{\376\377\000P\000e\000r\000f\000o\000r\000m\000a\000n\000c\000e\000-\000B\000a\000s\000e\000d\000\040\000D\000y\000n\000a\000m\000i\000c\000\040\000L\000o\000a\000d\000\040\000B\000a\000l\000a\000n\000c\000i\000n\000g}{}% 3
\BOOKMARK [2][-]{subsection.2.1}{\376\377\000A\000l\000g\000o\000r\000i\000t\000h\000m\000\040\000D\000e\000s\000i\000g\000n}{section.2}% 4
\BOOKMARK [3][-]{subsubsection.2.1.1}{\376\377\000C\000o\000m\000p\000o\000s\000i\000t\000e\000\040\000S\000c\000o\000r\000e\000\040\000F\000o\000r\000m\000u\000l\000a}{subsection.2.1}% 5
\BOOKMARK [3][-]{subsubsection.2.1.2}{\376\377\000E\000x\000p\000o\000n\000e\000n\000t\000i\000a\000l\000\040\000W\000e\000i\000g\000h\000t\000e\000d\000\040\000M\000o\000v\000i\000n\000g\000\040\000A\000v\000e\000r\000a\000g\000e\000\040\000\050\000E\000W\000M\000A\000\051}{subsection.2.1}% 6
\BOOKMARK [2][-]{subsection.2.2}{\376\377\000O\000v\000e\000r\000l\000o\000a\000d\000\040\000D\000e\000t\000e\000c\000t\000i\000o\000n\000\040\000a\000n\000d\000\040\000T\000r\000a\000f\000f\000i\000c\000\040\000S\000w\000i\000t\000c\000h\000i\000n\000g}{section.2}% 7
\BOOKMARK [2][-]{subsection.2.3}{\376\377\000H\000e\000a\000l\000t\000h\000\040\000C\000h\000e\000c\000k\000s\000\040\000a\000n\000d\000\040\000U\000n\000h\000e\000a\000l\000t\000h\000y\000\040\000B\000a\000c\000k\000e\000n\000d\000\040\000R\000e\000m\000o\000v\000a\000l}{section.2}% 8
\BOOKMARK [2][-]{subsection.2.4}{\376\377\000T\000h\000r\000e\000s\000h\000o\000l\000d\000\040\000O\000p\000t\000i\000m\000i\000z\000a\000t\000i\000o\000n}{section.2}% 9
\BOOKMARK [1][-]{section.3}{\376\377\000D\000a\000t\000a\000b\000a\000s\000e\000\040\000P\000e\000r\000s\000i\000s\000t\000e\000n\000c\000e\000\040\000a\000n\000d\000\040\000D\000u\000p\000l\000i\000c\000a\000t\000e\000\040\000P\000r\000e\000v\000e\000n\000t\000i\000o\000n}{}% 10
\BOOKMARK [2][-]{subsection.3.1}{\376\377\000S\000t\000o\000r\000a\000g\000e\000\040\000S\000c\000h\000e\000m\000a}{section.3}% 11
\BOOKMARK [2][-]{subsection.3.2}{\376\377\000I\000d\000e\000m\000p\000o\000t\000e\000n\000t\000\040\000W\000r\000i\000t\000e\000s\000\040\000a\000n\000d\000\040\000D\000u\000p\000l\000i\000c\000a\000t\000e\000\040\000P\000r\000e\000v\000e\000n\000t\000i\000o\000n}{section.3}% 12
\BOOKMARK [2][-]{subsection.3.3}{\376\377\000F\000i\000r\000e\000-\000a\000n\000d\000-\000F\000o\000r\000g\000e\000t\000\040\000R\000e\000p\000l\000i\000c\000a\000t\000i\000o\000n}{section.3}% 13
\BOOKMARK [1][-]{section.4}{\376\377\000R\000e\000q\000u\000i\000r\000e\000d\000\040\000A\000P\000I\000\040\000R\000o\000u\000t\000e\000s}{}% 14
\BOOKMARK [1][-]{section.5}{\376\377\000C\000u\000s\000t\000o\000m\000\040\000L\000o\000a\000d\000\040\000G\000e\000n\000e\000r\000a\000t\000o\000r}{}% 15
\BOOKMARK [1][-]{section.6}{\376\377\000E\000x\000p\000e\000r\000i\000m\000e\000n\000t\000a\000l\000\040\000R\000e\000s\000u\000l\000t\000s}{}% 16
\BOOKMARK [2][-]{subsection.6.1}{\376\377\000S\000u\000m\000m\000a\000r\000y\000\040\000T\000a\000b\000l\000e}{section.6}% 17
\BOOKMARK [2][-]{subsection.6.2}{\376\377\000P\000l\000o\000t\000s}{section.6}% 18
\BOOKMARK [3][-]{subsubsection.6.2.1}{\376\377\000F\000i\000g\000u\000r\000e\000\040\0001\000:\000\040\000R\000e\000s\000p\000o\000n\000s\000e\000\040\000T\000i\000m\000e\000\040\000D\000i\000s\000t\000r\000i\000b\000u\000t\000i\000o\000n\000\040\000b\000y\000\040\000W\000o\000r\000k\000l\000o\000a\000d}{subsection.6.2}% 19
\BOOKMARK [3][-]{subsubsection.6.2.2}{\376\377\000F\000i\000g\000u\000r\000e\000\040\0002\000:\000\040\000T\000h\000r\000o\000u\000g\000h\000p\000u\000t\000\040\000\050\000R\000e\000q\000u\000e\000s\000t\000s\000\040\000p\000e\000r\000\040\000S\000e\000c\000o\000n\000d\000\051}{subsection.6.2}% 20
\BOOKMARK [3][-]{subsubsection.6.2.3}{\376\377\000F\000i\000g\000u\000r\000e\000\040\0003\000:\000\040\000L\000a\000t\000e\000n\000c\000y\000\040\000P\000r\000o\000f\000i\000l\000e\000\040\000A\000c\000r\000o\000s\000s\000\040\000W\000o\000r\000k\000l\000o\000a\000d\000s}{subsection.6.2}% 21
\BOOKMARK [3][-]{subsubsection.6.2.4}{\376\377\000F\000i\000g\000u\000r\000e\000\040\0004\000:\000\040\000R\000e\000q\000u\000e\000s\000t\000\040\000O\000u\000t\000c\000o\000m\000e\000s\000\040\040\024\000\040\000S\000u\000c\000c\000e\000s\000s\000\040\000v\000s\000.\000\040\000D\000r\000o\000p\000o\000u\000t}{subsection.6.2}% 22
\BOOKMARK [3][-]{subsubsection.6.2.5}{\376\377\000F\000i\000g\000u\000r\000e\000\040\0005\000:\000\040\000S\000y\000s\000t\000e\000m\000\040\000U\000t\000i\000l\000i\000z\000a\000t\000i\000o\000n\000\040\000o\000f\000\040\000A\000l\000l\000\040\0004\000\040\000S\000y\000s\000t\000e\000m\000s}{subsection.6.2}% 23
\BOOKMARK [3][-]{subsubsection.6.2.6}{\376\377\000F\000i\000g\000u\000r\000e\000\040\0006\000:\000\040\000P\000e\000r\000-\000S\000y\000s\000t\000e\000m\000\040\000L\000o\000a\000d\000\040\000B\000r\000e\000a\000k\000d\000o\000w\000n\000\040\000\050\000S\000y\000s\0001\040\023\000S\000y\000s\0004\000\051}{subsection.6.2}% 24
\BOOKMARK [3][-]{subsubsection.6.2.7}{\376\377\000F\000i\000g\000u\000r\000e\000\040\0007\000:\000\040\000E\000l\000a\000p\000s\000e\000d\000\040\000W\000a\000l\000l\000-\000C\000l\000o\000c\000k\000\040\000T\000i\000m\000e}{subsection.6.2}% 25
\BOOKMARK [1][-]{section.7}{\376\377\000A\000n\000a\000l\000y\000s\000i\000s\000\040\000a\000n\000d\000\040\000D\000i\000s\000c\000u\000s\000s\000i\000o\000n}{}% 26
\BOOKMARK [2][-]{subsection.7.1}{\376\377\000W\000h\000y\000\040\000W\000r\000i\000t\000e\000-\000O\000n\000l\000y\000\040\000O\000u\000t\000p\000e\000r\000f\000o\000r\000m\000s\000\040\000R\000e\000a\000d\000-\000O\000n\000l\000y}{section.7}% 27
\BOOKMARK [2][-]{subsection.7.2}{\376\377\000L\000o\000a\000d\000\040\000B\000a\000l\000a\000n\000c\000e\000r\000\040\000E\000f\000f\000e\000c\000t\000i\000v\000e\000n\000e\000s\000s}{section.7}% 28
\BOOKMARK [2][-]{subsection.7.3}{\376\377\000V\000i\000g\000o\000r\000o\000u\000s\000\040\000S\000t\000r\000e\000s\000s\000\040\000T\000e\000s\000t\000\040\000A\000n\000a\000l\000y\000s\000i\000s}{section.7}% 29
\BOOKMARK [1][-]{section.8}{\376\377\000A\000p\000p\000l\000i\000c\000a\000t\000i\000o\000n\000\040\000I\000n\000t\000e\000g\000r\000i\000t\000y\000\040\040\024\000\040\000N\000o\000\040\000F\000u\000n\000c\000t\000i\000o\000n\000a\000l\000i\000t\000y\000\040\000R\000e\000m\000o\000v\000e\000d}{}% 30
\BOOKMARK [1][-]{section.9}{\376\377\000R\000e\000p\000o\000s\000i\000t\000o\000r\000y\000\040\000a\000n\000d\000\040\000S\000u\000b\000m\000i\000s\000s\000i\000o\000n}{}% 31
\BOOKMARK [1][-]{section.10}{\376\377\000C\000o\000n\000c\000l\000u\000s\000i\000o\000n}{}% 32
